=== accepted-arrow-plant.js exit 1 ===
/workspace/adamic/cohere/.task-xzpba0r/clean-function-probes/js/accepted-arrow-plant.js:9
console.log(name.toUpperCase());
                 ^

TypeError: Cannot read properties of undefined (reading 'toUpperCase')
    at Object.<anonymous> (/workspace/adamic/cohere/.task-xzpba0r/clean-function-probes/js/accepted-arrow-plant.js:9:18)
    at Module._compile (node:internal/modules/cjs/loader:1872:14)
    at Object..js (node:internal/modules/cjs/loader:2003:10)
    at Module.load (node:internal/modules/cjs/loader:1594:32)
    at Module._load (node:internal/modules/cjs/loader:1396:12)
    at wrapModuleLoad (node:internal/modules/cjs/loader:255:19)
    at Module.executeUserEntryPoint [as runMain] (node:internal/modules/run_main:154:5)
    at node:internal/main/run_main_module:33:47

Node.js v24.19.0

=== accepted-arrow.js exit 0 ===
ONE

=== accepted-function-plant.js exit 1 ===
/workspace/adamic/cohere/.task-xzpba0r/clean-function-probes/js/accepted-function-plant.js:9
console.log(name.toUpperCase());
                 ^

TypeError: Cannot read properties of undefined (reading 'toUpperCase')
    at Object.<anonymous> (/workspace/adamic/cohere/.task-xzpba0r/clean-function-probes/js/accepted-function-plant.js:9:18)
    at Module._compile (node:internal/modules/cjs/loader:1872:14)
    at Object..js (node:internal/modules/cjs/loader:2003:10)
    at Module.load (node:internal/modules/cjs/loader:1594:32)
    at Module._load (node:internal/modules/cjs/loader:1396:12)
    at wrapModuleLoad (node:internal/modules/cjs/loader:255:19)
    at Module.executeUserEntryPoint [as runMain] (node:internal/modules/run_main:154:5)
    at node:internal/main/run_main_module:33:47

Node.js v24.19.0

=== accepted-function.js exit 0 ===
ONE

=== accepted-method-plant.js exit 1 ===
/workspace/adamic/cohere/.task-xzpba0r/clean-function-probes/js/accepted-method-plant.js:9
console.log(name.toUpperCase());
                 ^

TypeError: Cannot read properties of undefined (reading 'toUpperCase')
    at Object.<anonymous> (/workspace/adamic/cohere/.task-xzpba0r/clean-function-probes/js/accepted-method-plant.js:9:18)
    at Module._compile (node:internal/modules/cjs/loader:1872:14)
    at Object..js (node:internal/modules/cjs/loader:2003:10)
    at Module.load (node:internal/modules/cjs/loader:1594:32)
    at Module._load (node:internal/modules/cjs/loader:1396:12)
    at wrapModuleLoad (node:internal/modules/cjs/loader:255:19)
    at Module.executeUserEntryPoint [as runMain] (node:internal/modules/run_main:154:5)
    at node:internal/main/run_main_module:33:47

Node.js v24.19.0

=== accepted-method.js exit 0 ===
ONE
