=== RUN   TestIndexedAccessWriteEdges
=== PAUSE TestIndexedAccessWriteEdges
=== RUN   TestIndexedAccessWriteEdgesStayClean
=== PAUSE TestIndexedAccessWriteEdgesStayClean
=== CONT  TestIndexedAccessWriteEdges
=== RUN   TestIndexedAccessWriteEdges/spread
=== PAUSE TestIndexedAccessWriteEdges/spread
=== RUN   TestIndexedAccessWriteEdges/spread-override
=== PAUSE TestIndexedAccessWriteEdges/spread-override
=== RUN   TestIndexedAccessWriteEdges/method-return
=== PAUSE TestIndexedAccessWriteEdges/method-return
=== RUN   TestIndexedAccessWriteEdges/method-argument
=== PAUSE TestIndexedAccessWriteEdges/method-argument
=== RUN   TestIndexedAccessWriteEdges/method-reused
=== PAUSE TestIndexedAccessWriteEdges/method-reused
=== RUN   TestIndexedAccessWriteEdges/method-mixed-return
=== PAUSE TestIndexedAccessWriteEdges/method-mixed-return
=== CONT  TestIndexedAccessWriteEdges/spread
=== CONT  TestIndexedAccessWriteEdges/method-reused
=== CONT  TestIndexedAccessWriteEdgesStayClean
=== RUN   TestIndexedAccessWriteEdgesStayClean/overridden_spread
=== PAUSE TestIndexedAccessWriteEdgesStayClean/overridden_spread
=== RUN   TestIndexedAccessWriteEdgesStayClean/contextual_method_read
=== PAUSE TestIndexedAccessWriteEdgesStayClean/contextual_method_read
=== RUN   TestIndexedAccessWriteEdgesStayClean/method_accepts_constraint
=== PAUSE TestIndexedAccessWriteEdgesStayClean/method_accepts_constraint
=== RUN   TestIndexedAccessWriteEdgesStayClean/spread_from_T
=== PAUSE TestIndexedAccessWriteEdgesStayClean/spread_from_T
=== CONT  TestIndexedAccessWriteEdges/spread-override
=== CONT  TestIndexedAccessWriteEdges/method-argument
=== CONT  TestIndexedAccessWriteEdges/method-return
=== NAME  TestIndexedAccessWriteEdges/method-reused
    indexed_access_write_test.go:108: expected 1 findings [indexedAccessWrite], got 0 []
=== NAME  TestIndexedAccessWriteEdges/method-return
    indexed_access_write_test.go:108: expected 1 findings [indexedAccessWrite], got 0 []
=== NAME  TestIndexedAccessWriteEdges/method-argument
    indexed_access_write_test.go:108: expected 1 findings [indexedAccessWrite], got 0 []
=== CONT  TestIndexedAccessWriteEdges/method-mixed-return
=== CONT  TestIndexedAccessWriteEdgesStayClean/overridden_spread
=== CONT  TestIndexedAccessWriteEdgesStayClean/method_accepts_constraint
=== NAME  TestIndexedAccessWriteEdges/spread
    indexed_access_write_test.go:108: expected 1 findings [indexedAccessWrite], got 0 []
=== CONT  TestIndexedAccessWriteEdgesStayClean/spread_from_T
=== NAME  TestIndexedAccessWriteEdges/spread-override
    indexed_access_write_test.go:108: expected 1 findings [indexedAccessWrite], got 0 []
=== CONT  TestIndexedAccessWriteEdgesStayClean/contextual_method_read
=== NAME  TestIndexedAccessWriteEdges/method-mixed-return
    indexed_access_write_test.go:108: expected 1 findings [indexedAccessWrite], got 0 []
--- FAIL: TestIndexedAccessWriteEdges (0.00s)
    --- FAIL: TestIndexedAccessWriteEdges/method-reused (0.06s)
    --- FAIL: TestIndexedAccessWriteEdges/method-argument (0.06s)
    --- FAIL: TestIndexedAccessWriteEdges/method-return (0.06s)
    --- FAIL: TestIndexedAccessWriteEdges/spread (0.07s)
    --- FAIL: TestIndexedAccessWriteEdges/spread-override (0.06s)
    --- FAIL: TestIndexedAccessWriteEdges/method-mixed-return (0.03s)
=== NAME  TestIndexedAccessWriteEdgesStayClean/overridden_spread
    indexed_access_write_test.go:145: expected 1 findings [indexedAccessWrite], got 0 []
=== NAME  TestIndexedAccessWriteEdgesStayClean/spread_from_T
    indexed_access_write_test.go:145: expected 1 findings [indexedAccessWrite], got 0 []
=== NAME  TestIndexedAccessWriteEdgesStayClean/contextual_method_read
    indexed_access_write_test.go:145: expected 1 findings [indexedAccessWrite], got 0 []
=== NAME  TestIndexedAccessWriteEdgesStayClean/method_accepts_constraint
    indexed_access_write_test.go:145: expected 1 findings [indexedAccessWrite], got 0 []
--- FAIL: TestIndexedAccessWriteEdgesStayClean (0.00s)
    --- FAIL: TestIndexedAccessWriteEdgesStayClean/overridden_spread (0.03s)
    --- FAIL: TestIndexedAccessWriteEdgesStayClean/spread_from_T (0.05s)
    --- FAIL: TestIndexedAccessWriteEdgesStayClean/contextual_method_read (0.05s)
    --- FAIL: TestIndexedAccessWriteEdgesStayClean/method_accepts_constraint (0.05s)
FAIL
FAIL	github.com/system-inc/cohere/internal/lint/rules/adamic	0.120s
FAIL
