=== method-argument.node.log ===
/workspace/adamic/cohere/.task-xzpba0r/edge-probes/js/method-argument.js:9
console.log(name.toUpperCase());
                 ^

TypeError: Cannot read properties of undefined (reading 'toUpperCase')
    at Object.<anonymous> (/workspace/adamic/cohere/.task-xzpba0r/edge-probes/js/method-argument.js:9:18)
    at Module._compile (node:internal/modules/cjs/loader:1872:14)
    at Object..js (node:internal/modules/cjs/loader:2003:10)
    at Module.load (node:internal/modules/cjs/loader:1594:32)
    at Module._load (node:internal/modules/cjs/loader:1396:12)
    at wrapModuleLoad (node:internal/modules/cjs/loader:255:19)
    at Module.executeUserEntryPoint [as runMain] (node:internal/modules/run_main:154:5)
    at node:internal/main/run_main_module:33:47

Node.js v24.19.0

=== method-mixed-return.node.log ===
/workspace/adamic/cohere/.task-xzpba0r/edge-probes/js/method-mixed-return.js:11
console.log(name.toUpperCase());
                 ^

TypeError: Cannot read properties of undefined (reading 'toUpperCase')
    at Object.<anonymous> (/workspace/adamic/cohere/.task-xzpba0r/edge-probes/js/method-mixed-return.js:11:18)
    at Module._compile (node:internal/modules/cjs/loader:1872:14)
    at Object..js (node:internal/modules/cjs/loader:2003:10)
    at Module.load (node:internal/modules/cjs/loader:1594:32)
    at Module._load (node:internal/modules/cjs/loader:1396:12)
    at wrapModuleLoad (node:internal/modules/cjs/loader:255:19)
    at Module.executeUserEntryPoint [as runMain] (node:internal/modules/run_main:154:5)
    at node:internal/main/run_main_module:33:47

Node.js v24.19.0

=== method-return.node.log ===
/workspace/adamic/cohere/.task-xzpba0r/edge-probes/js/method-return.js:9
console.log(name.toUpperCase());
                 ^

TypeError: Cannot read properties of undefined (reading 'toUpperCase')
    at Object.<anonymous> (/workspace/adamic/cohere/.task-xzpba0r/edge-probes/js/method-return.js:9:18)
    at Module._compile (node:internal/modules/cjs/loader:1872:14)
    at Object..js (node:internal/modules/cjs/loader:2003:10)
    at Module.load (node:internal/modules/cjs/loader:1594:32)
    at Module._load (node:internal/modules/cjs/loader:1396:12)
    at wrapModuleLoad (node:internal/modules/cjs/loader:255:19)
    at Module.executeUserEntryPoint [as runMain] (node:internal/modules/run_main:154:5)
    at node:internal/main/run_main_module:33:47

Node.js v24.19.0

=== method-reused.node.log ===
/workspace/adamic/cohere/.task-xzpba0r/edge-probes/js/method-reused.js:10
console.log(name.toUpperCase());
                 ^

TypeError: Cannot read properties of undefined (reading 'toUpperCase')
    at Object.<anonymous> (/workspace/adamic/cohere/.task-xzpba0r/edge-probes/js/method-reused.js:10:18)
    at Module._compile (node:internal/modules/cjs/loader:1872:14)
    at Object..js (node:internal/modules/cjs/loader:2003:10)
    at Module.load (node:internal/modules/cjs/loader:1594:32)
    at Module._load (node:internal/modules/cjs/loader:1396:12)
    at wrapModuleLoad (node:internal/modules/cjs/loader:255:19)
    at Module.executeUserEntryPoint [as runMain] (node:internal/modules/run_main:154:5)
    at node:internal/main/run_main_module:33:47

Node.js v24.19.0

=== spread-override.node.log ===
/workspace/adamic/cohere/.task-xzpba0r/edge-probes/js/spread-override.js:9
console.log(name.toUpperCase());
                 ^

TypeError: Cannot read properties of undefined (reading 'toUpperCase')
    at Object.<anonymous> (/workspace/adamic/cohere/.task-xzpba0r/edge-probes/js/spread-override.js:9:18)
    at Module._compile (node:internal/modules/cjs/loader:1872:14)
    at Object..js (node:internal/modules/cjs/loader:2003:10)
    at Module.load (node:internal/modules/cjs/loader:1594:32)
    at Module._load (node:internal/modules/cjs/loader:1396:12)
    at wrapModuleLoad (node:internal/modules/cjs/loader:255:19)
    at Module.executeUserEntryPoint [as runMain] (node:internal/modules/run_main:154:5)
    at node:internal/main/run_main_module:33:47

Node.js v24.19.0

=== spread.node.log ===
/workspace/adamic/cohere/.task-xzpba0r/edge-probes/js/spread.js:10
console.log(name.toUpperCase());
                 ^

TypeError: Cannot read properties of undefined (reading 'toUpperCase')
    at Object.<anonymous> (/workspace/adamic/cohere/.task-xzpba0r/edge-probes/js/spread.js:10:18)
    at Module._compile (node:internal/modules/cjs/loader:1872:14)
    at Object..js (node:internal/modules/cjs/loader:2003:10)
    at Module.load (node:internal/modules/cjs/loader:1594:32)
    at Module._load (node:internal/modules/cjs/loader:1396:12)
    at wrapModuleLoad (node:internal/modules/cjs/loader:255:19)
    at Module.executeUserEntryPoint [as runMain] (node:internal/modules/run_main:154:5)
    at node:internal/main/run_main_module:33:47

Node.js v24.19.0
